Microchip MPLAB XC8 Compiler V2.05 ()

Linker command line:

-W-3 --edf=/opt/microchip/xc8/v2.05/pic/dat/en_msgs.txt -cs \
  -h+dist/pic18f4431/production/pic18f4431_motor_controller.X.production.sym \
  --cmf=dist/pic18f4431/production/pic18f4431_motor_controller.X.production.cmf \
  -z -Q18F4431 -o/tmp/xcXxzfFJe --defsym=__MPLAB_BUILD=1 \
  -Mdist/pic18f4431/production/pic18f4431_motor_controller.X.production.map \
  -E1 -ver=XC8 --acfsm=1493 -ASTACK=0120h-02FFh -pstack=STACK \
  -ACODE=00h-03FFFh -ACONST=00h-03FFFh -ASMALLCONST=0300h-03FFhx61 \
  -AMEDIUMCONST=0300h-03FFFh -ACOMRAM=01h-05Fh -AABS1=00h-02FFh \
  -ABIGRAM=01h-02FFh -ARAM=060h-0FFh,0100h-01FFhx2 -ABANK0=060h-0FFh \
  -ABANK1=0100h-01FFh -ABANK2=0200h-02FFh -ASFR=0F60h-0FFFh \
  -preset_vec=00h,intcode=08h,intcodelo=018h,powerup,init -pramtop=0300h \
  -psmallconst=SMALLCONST -pmediumconst=MEDIUMCONST -pconst=CONST \
  -AFARRAM=00h-00h -ACONFIG=0300000h-030000Dh -pconfig=CONFIG \
  -AIDLOC=0200000h-0200007h -pidloc=IDLOC -AEEDATA=0F00000h-0F000FFh \
  -peeprom_data=EEDATA \
  -prdata=COMRAM,nvrram=COMRAM,nvbit=COMRAM,rbss=COMRAM,rbit=COMRAM \
  -pfarbss=FARRAM,fardata=FARRAM,nvFARRAM=FARRAM \
  -pintsave_regs=BIGRAM,bigbss=BIGRAM,bigdata=BIGRAM -pbss=RAM \
  -pidata=CODE,irdata=CODE,ibigdata=CODE,ifardata=CODE -prparam=COMRAM \
  /tmp/xcX3enV9x.o \
  dist/pic18f4431/production/pic18f4431_motor_controller.X.production.o 

Object code version is 3.11

Machine type is 18F4431

Call graph: (short form)




                Name                               Link     Load   Length Selector   Space Scale
/tmp/xcX3enV9x.o
                init                                 26       26        4        C       0
                reset_vec                             0        0        4        0       0
                idloc                            200000   200000        8   200000       0
                config                           300000   300000        E   300000       0
dist/pic18f4431/production/pic18f4431_motor_controller.X.production.o
                intcodelo                            18       18        E        C       0
                intcode                               8        8        6        4       0
                temp                                 5F       5F        1        1       1
                smallconst                          300      300       18      180       0
                text32                              F5A      F5A       34      18C       0
                text31                             1052     1052       30      18C       0
                text30                             119C     119C       12      18C       0
                text29                              D02      D02       6C      18C       0
                text28                              EEC      EEC       38      18C       0
                text27                             10DA     10DA       2A      18C       0
                text26                              BFA      BFA       9A      18C       0
                text25                             1022     1022       30      18C       0
                text24                              E66      E66       4A      18C       0
                text23                              54A      54A      232      18C       0
                text22                              91E      91E      19E      18C       0
                text21                              DC4      DC4       56      18C       0
                text20                              FF2      FF2       30      18C       0
                intcode_body                        ABC      ABC       A0      18C       0
                text17                             11BC     11BC        2      18C       0
                text16                             112C     112C       22      18C       0
                text15                             116E     116E       1A      18C       0
                text14                             11AE     11AE        E      18C       0
                text13                              F24      F24       36      18C       0
                text12                              FC0      FC0       32      18C       0
                text11                             1188     1188       14      18C       0
                text10                              C94      C94       6E      18C       0
                text9                               EB0      EB0       3C      18C       0
                text8                              1082     1082       2E      18C       0
                text7                               B5C      B5C       9E      18C       0
                text6                               F8E      F8E       32      18C       0
                text5                               E1A      E1A       4C      18C       0
                text4                               318      318      232      18C       0
                text3                               77C      77C      1A2      18C       0
                text2                               D6E      D6E       56      18C       0
                text1                              1104     1104       28      18C       0
                text0                              114E     114E       20      18C       0
                cstackCOMRAM                          1        1       5E        1       1
                cstackBANK0                          60       60       76       60       1
                bssBANK1                            100      100       20      100       1
                bssBANK0                             D6       D6        A       60       1
                cinit                              10B0     10B0       2A      18C       0

TOTAL           Name                               Link     Load   Length     Space
        CLASS   STACK          

        CLASS   CODE           
                intcodelo                            18       18        E         0
                intcode                               8        8        6         0
                init                                 26       26        4         0
                reset_vec                             0        0        4         0
                text32                              F5A      F5A       34         0
                text31                             1052     1052       30         0
                text30                             119C     119C       12         0
                text29                              D02      D02       6C         0
                text28                              EEC      EEC       38         0
                text27                             10DA     10DA       2A         0
                text26                              BFA      BFA       9A         0
                text25                             1022     1022       30         0
                text24                              E66      E66       4A         0
                text23                              54A      54A      232         0
                text22                              91E      91E      19E         0
                text21                              DC4      DC4       56         0
                text20                              FF2      FF2       30         0
                intcode_body                        ABC      ABC       A0         0
                text17                             11BC     11BC        2         0
                text16                             112C     112C       22         0
                text15                             116E     116E       1A         0
                text14                             11AE     11AE        E         0
                text13                              F24      F24       36         0
                text12                              FC0      FC0       32         0
                text11                             1188     1188       14         0
                text10                              C94      C94       6E         0
                text9                               EB0      EB0       3C         0
                text8                              1082     1082       2E         0
                text7                               B5C      B5C       9E         0
                text6                               F8E      F8E       32         0
                text5                               E1A      E1A       4C         0
                text4                               318      318      232         0
                text3                               77C      77C      1A2         0
                text2                               D6E      D6E       56         0
                text1                              1104     1104       28         0
                text0                              114E     114E       20         0
                cinit                              10B0     10B0       2A         0

        CLASS   CONST          

        CLASS   SMALLCONST     
                smallconst                          300      300       18         0

        CLASS   MEDIUMCONST    

        CLASS   COMRAM         
                temp                                 5F       5F        1         1
                cstackCOMRAM                          1        1       5E         1

        CLASS   ABS1           

        CLASS   BIGRAM         

        CLASS   RAM            

        CLASS   BANK0          
                cstackBANK0                          60       60       76         1
                bssBANK0                             D6       D6        A         1

        CLASS   BANK1          
                bssBANK1                            100      100       20         1

        CLASS   BANK2          

        CLASS   SFR            

        CLASS   FARRAM         

        CLASS   CONFIG         
                config                           300000   300000        E         0

        CLASS   IDLOC          
                idloc                            200000   200000        8         0

        CLASS   EEDATA         



SEGMENTS        Name                           Load    Length   Top    Selector   Space  Class

                reset_vec                      000000  000004  000004         0       0  CODE    
                cstackCOMRAM                   000001  00005F  000060         1       1  COMRAM  
                intcode                        000008  000006  00000E         4       0  CODE    
                intcodelo                      000018  000012  00002A         C       0  CODE    
                cstackBANK0                    000060  000080  0000E0        60       1  BANK0   
                bssBANK1                       000100  000020  000120       100       1  BANK1   
                smallconst                     000300  000018  000318       180       0  SMALLCON
                text4                          000318  000EA6  0011BE       18C       0  CODE    
                idloc                          200000  000008  200008    200000       0  IDLOC   
                config                         300000  00000E  30000E    300000       0  CONFIG  


UNUSED ADDRESS RANGES

        Name                Unused          Largest block    Delta
        BANK0            0000E0-0000FF               20
        BANK1            000120-0001FF               E0
        BANK2            000200-0002FF              100
        BIGRAM           0000E0-0000FF               20
                         000120-0002FF              1E0
        CODE             000004-000007                4
                         00000E-000017                A
                         00002A-0002FF              2D6
                         0011BE-003FFF             2E42
        CONST            000004-000007                4
                         00000E-000017                A
                         00002A-0002FF              2D6
                         0011BE-003FFF             2E42
        EEDATA           F00000-F000FF              100
        MEDIUMCONST      0011BE-003FFF             2E42
        RAM              0000E0-0000FF               20
                         000120-0002FF               E0
        SFR              000F60-000FFF               A0
        SMALLCONST       0011BE-003FFF              100
        STACK            000120-0002FF              1E0

                                  Symbol Table

?_isalpha                     cstackBANK0  000070
?_islower                     cstackBANK0  000070
?_isupper                     cstackBANK0  000070
?_pad                         cstackBANK0  000081
?_printf                      cstackBANK0  0000CE
?_strlen                      cstackBANK0  000070
?_toupper                     cstackBANK0  000076
?_vfpfcnvrt                   cstackBANK0  0000B3
?_vfprintf                    cstackBANK0  0000C6
?_xtoa                        cstackBANK0  00008C
?i2_isalpha                   cstackCOMRAM 000001
?i2_islower                   cstackCOMRAM 000001
?i2_isupper                   cstackCOMRAM 000001
?i2_pad                       cstackCOMRAM 000012
?i2_printf                    cstackBANK0  000060
?i2_strlen                    cstackCOMRAM 000001
?i2_toupper                   cstackCOMRAM 000007
?i2_vfpfcnvrt                 cstackCOMRAM 000044
?i2_vfprintf                  cstackCOMRAM 000057
?i2_xtoa                      cstackCOMRAM 00001D
_BAUDCONbits                  (abs)        000FAA
_ConfigureOscillator          text17       0011BC
_INTCONbits                   (abs)        000FF2
_InitApp                      text14       0011AE
_PORTBbits                    (abs)        000F81
_RCONbits                     (abs)        000FD0
_RCSTA1bits                   (abs)        000FAB
_SPBRG1                       (abs)        000FAF
_T0CONbits                    (abs)        000FD5
_TMR0                         (abs)        000FD6
_TRISBbits                    (abs)        000F93
_TRISCbits                    (abs)        000F94
_TXIF                         (abs)        007CF4
_TXREG                        (abs)        000FAD
_TXSTA                        (abs)        000FAC
_TXSTA1bits                   (abs)        000FAC
__CFG_BOREN$OFF               (abs)        000000
__CFG_CP0$OFF                 (abs)        000000
__CFG_CP1$OFF                 (abs)        000000
__CFG_CP2$OFF                 (abs)        000000
__CFG_CP3$OFF                 (abs)        000000
__CFG_CPB$OFF                 (abs)        000000
__CFG_CPD$OFF                 (abs)        000000
__CFG_EBTR0$OFF               (abs)        000000
__CFG_EBTR1$OFF               (abs)        000000
__CFG_EBTR2$OFF               (abs)        000000
__CFG_EBTR3$OFF               (abs)        000000
__CFG_EBTRB$OFF               (abs)        000000
__CFG_EXCLKMX$RC3             (abs)        000000
__CFG_FCMEN$ON                (abs)        000000
__CFG_FLTAMX$RC1              (abs)        000000
__CFG_HPOL$HIGH               (abs)        000000
__CFG_IESO$ON                 (abs)        000000
__CFG_LPOL$HIGH               (abs)        000000
__CFG_LVP$OFF                 (abs)        000000
__CFG_MCLRE$OFF               (abs)        000000
__CFG_OSC$HS                  (abs)        000000
__CFG_PWM4MX$RB5              (abs)        000000
__CFG_PWMPIN$OFF              (abs)        000000
__CFG_PWRTEN$OFF              (abs)        000000
__CFG_SSPMX$RC7               (abs)        000000
__CFG_STVREN$ON               (abs)        000000
__CFG_T1OSCMX$ON              (abs)        000000
__CFG_WDPS$32768              (abs)        000000
__CFG_WDTEN$OFF               (abs)        000000
__CFG_WINEN$OFF               (abs)        000000
__CFG_WRT0$OFF                (abs)        000000
__CFG_WRT1$OFF                (abs)        000000
__CFG_WRT2$OFF                (abs)        000000
__CFG_WRT3$OFF                (abs)        000000
__CFG_WRTB$OFF                (abs)        000000
__CFG_WRTC$OFF                (abs)        000000
__CFG_WRTD$OFF                (abs)        000000
__HRAM                        (abs)        000000
__Habs1                       abs1         000000
__Hbank0                      bank0        000000
__Hbank1                      bank1        000000
__Hbank2                      bank2        000000
__Hbigbss                     bigbss       000000
__Hbigdata                    bigdata      000000
__Hbigram                     bigram       000000
__Hbss                        bss          000000
__HbssBANK0                   bssBANK0     000000
__HbssBANK1                   bssBANK1     000000
__Hcinit                      cinit        000000
__Hclrtext                    clrtext      000000
__Hcomram                     comram       000000
__Hconfig                     config       30000E
__Hconst                      const        000000
__HcstackBANK0                cstackBANK0  000000
__HcstackCOMRAM               cstackCOMRAM 000000
__Hdata                       data         000000
__Heeprom_data                eeprom_data  000000
__Hfarbss                     farbss       000000
__Hfardata                    fardata      000000
__Hibigdata                   ibigdata     000000
__Hidata                      idata        000000
__Hidloc                      idloc        200008
__Hifardata                   ifardata     000000
__Hinit                       init         00002A
__Hintcode                    intcode      00000E
__Hintcode_body               intcode_body 000000
__Hintcodelo                  intcodelo    000026
__Hintentry                   intentry     000000
__Hintret                     intret       000000
__Hintsave_regs               intsave_regs 000000
__Hirdata                     irdata       000000
__Hmediumconst                mediumconst  000000
__HnvFARRAM                   nvFARRAM     000000
__Hnvbit                      nvbit        000000
__Hnvrram                     nvrram       000000
__Hparam                      rparam       000000
__Hpowerup                    powerup      000026
__Hram                        ram          000000
__Hramtop                     ramtop       000300
__Hrbit                       rbit         000000
__Hrbss                       rbss         000000
__Hrdata                      rdata        000000
__Hreset_vec                  reset_vec    000004
__Hrparam                     rparam       000000
__Hsfr                        sfr          000000
__Hsmallconst                 smallconst   000318
__Hspace_0                    (abs)        30000E
__Hspace_1                    (abs)        000120
__Hspace_2                    (abs)        000000
__Hstack                      stack        000000
__Hstruct                     struct       000000
__Htemp                       temp         000060
__Htext                       text         000000
__Htext0                      text0        000000
__Htext1                      text1        000000
__Htext10                     text10       000000
__Htext11                     text11       000000
__Htext12                     text12       000000
__Htext13                     text13       000000
__Htext14                     text14       000000
__Htext15                     text15       000000
__Htext16                     text16       000000
__Htext17                     text17       000000
__Htext2                      text2        000000
__Htext20                     text20       000000
__Htext21                     text21       000000
__Htext22                     text22       000000
__Htext23                     text23       000000
__Htext24                     text24       000000
__Htext25                     text25       000000
__Htext26                     text26       000000
__Htext27                     text27       000000
__Htext28                     text28       000000
__Htext29                     text29       000000
__Htext3                      text3        000000
__Htext30                     text30       000000
__Htext31                     text31       000000
__Htext32                     text32       000000
__Htext4                      text4        000000
__Htext5                      text5        000000
__Htext6                      text6        000000
__Htext7                      text7        000000
__Htext8                      text8        000000
__Htext9                      text9        000000
__LRAM                        (abs)        000001
__Labs1                       abs1         000000
__Lbank0                      bank0        000000
__Lbank1                      bank1        000000
__Lbank2                      bank2        000000
__Lbigbss                     bigbss       000000
__Lbigdata                    bigdata      000000
__Lbigram                     bigram       000000
__Lbss                        bss          000000
__LbssBANK0                   bssBANK0     000000
__LbssBANK1                   bssBANK1     000000
__Lcinit                      cinit        000000
__Lclrtext                    clrtext      000000
__Lcomram                     comram       000000
__Lconfig                     config       300000
__Lconst                      const        000000
__LcstackBANK0                cstackBANK0  000000
__LcstackCOMRAM               cstackCOMRAM 000000
__Ldata                       data         000000
__Leeprom_data                eeprom_data  000000
__Lfarbss                     farbss       000000
__Lfardata                    fardata      000000
__Libigdata                   ibigdata     000000
__Lidata                      idata        000000
__Lidloc                      idloc        200000
__Lifardata                   ifardata     000000
__Linit                       init         000026
__Lintcode                    intcode      000008
__Lintcode_body               intcode_body 000000
__Lintcodelo                  intcodelo    000018
__Lintentry                   intentry     000000
__Lintret                     intret       000000
__Lintsave_regs               intsave_regs 000000
__Lirdata                     irdata       000000
__Lmediumconst                mediumconst  000000
__LnvFARRAM                   nvFARRAM     000000
__Lnvbit                      nvbit        000000
__Lnvrram                     nvrram       000000
__Lparam                      rparam       000000
__Lpowerup                    powerup      000026
__Lram                        ram          000000
__Lramtop                     ramtop       000300
__Lrbit                       rbit         000000
__Lrbss                       rbss         000000
__Lrdata                      rdata        000000
__Lreset_vec                  reset_vec    000000
__Lrparam                     rparam       000000
__Lsfr                        sfr          000000
__Lsmallconst                 smallconst   000300
__Lspace_0                    (abs)        000000
__Lspace_1                    (abs)        000000
__Lspace_2                    (abs)        000000
__Lstack                      stack        000000
__Lstruct                     struct       000000
__Ltemp                       temp         00005F
__Ltext                       text         000000
__Ltext0                      text0        000000
__Ltext1                      text1        000000
__Ltext10                     text10       000000
__Ltext11                     text11       000000
__Ltext12                     text12       000000
__Ltext13                     text13       000000
__Ltext14                     text14       000000
__Ltext15                     text15       000000
__Ltext16                     text16       000000
__Ltext17                     text17       000000
__Ltext2                      text2        000000
__Ltext20                     text20       000000
__Ltext21                     text21       000000
__Ltext22                     text22       000000
__Ltext23                     text23       000000
__Ltext24                     text24       000000
__Ltext25                     text25       000000
__Ltext26                     text26       000000
__Ltext27                     text27       000000
__Ltext28                     text28       000000
__Ltext29                     text29       000000
__Ltext3                      text3        000000
__Ltext30                     text30       000000
__Ltext31                     text31       000000
__Ltext32                     text32       000000
__Ltext4                      text4        000000
__Ltext5                      text5        000000
__Ltext6                      text6        000000
__Ltext7                      text7        000000
__Ltext8                      text8        000000
__Ltext9                      text9        000000
__S0                          (abs)        30000E
__S1                          (abs)        000120
__S2                          (abs)        000000
___inthi_sp                   stack        000000
___intlo_sp                   stack        000000
___param_bank                 (abs)        000000
___rparam_used                (abs)        000001
___sp                         stack        000000
__accesstop                   (abs)        000060
__activetblptr                (abs)        000001
__end_of_ConfigureOscillator  text17       0011BE
__end_of_InitApp              text14       0011BC
__end_of__initialization      cinit        0010C8
__end_of_fputc                text10       000D02
__end_of_fputs                text9        000EEC
__end_of_high_isr             intcode_body 000B5C
__end_of_init_timer           text16       00114E
__end_of_init_usart           text15       001188
__end_of_isalpha              text13       000F5A
__end_of_islower              text6        000FC0
__end_of_isupper              text12       000FF2
__end_of_low_isr              intcodelo    000026
__end_of_main                 text0        00116E
__end_of_pad                  text7        000BFA
__end_of_printf               text1        00112C
__end_of_putch                text11       00119C
__end_of_strlen               text8        0010B0
__end_of_toupper              text5        000E66
__end_of_vfpfcnvrt            text3        00091E
__end_of_vfprintf             text2        000DC4
__end_of_xtoa                 text4        00054A
__end_ofi2_fputc              text29       000D6E
__end_ofi2_fputs              text28       000F24
__end_ofi2_isalpha            text32       000F8E
__end_ofi2_islower            text25       001052
__end_ofi2_isupper            text31       001082
__end_ofi2_pad                text26       000C94
__end_ofi2_printf             text20       001022
__end_ofi2_putch              text30       0011AE
__end_ofi2_strlen             text27       001104
__end_ofi2_toupper            text24       000EB0
__end_ofi2_vfpfcnvrt          text22       000ABC
__end_ofi2_vfprintf           text21       000E1A
__end_ofi2_xtoa               text23       00077C
__initialization              cinit        0010B0
__mediumconst                 mediumconst  000000
__pbssBANK0                   bssBANK0     0000D6
__pbssBANK1                   bssBANK1     000100
__pcinit                      cinit        0010B0
__pcstackBANK0                cstackBANK0  000060
__pcstackCOMRAM               cstackCOMRAM 000001
__pintcode                    intcode      000008
__pintcode_body               intcode_body 000ABC
__pintcodelo                  intcodelo    000018
__psmallconst                 smallconst   000300
__ptext0                      text0        00114E
__ptext1                      text1        001104
__ptext10                     text10       000C94
__ptext11                     text11       001188
__ptext12                     text12       000FC0
__ptext13                     text13       000F24
__ptext14                     text14       0011AE
__ptext15                     text15       00116E
__ptext16                     text16       00112C
__ptext17                     text17       0011BC
__ptext2                      text2        000D6E
__ptext20                     text20       000FF2
__ptext21                     text21       000DC4
__ptext22                     text22       00091E
__ptext23                     text23       00054A
__ptext24                     text24       000E66
__ptext25                     text25       001022
__ptext26                     text26       000BFA
__ptext27                     text27       0010DA
__ptext28                     text28       000EEC
__ptext29                     text29       000D02
__ptext3                      text3        00077C
__ptext30                     text30       00119C
__ptext31                     text31       001052
__ptext32                     text32       000F5A
__ptext4                      text4        000318
__ptext5                      text5        000E1A
__ptext6                      text6        000F8E
__ptext7                      text7        000B5C
__ptext8                      text8        001082
__ptext9                      text9        000EB0
__ramtop                      ramtop       000300
__size_of_ConfigureOscillator (abs)        000000
__size_of_InitApp             (abs)        000000
__size_of_fputc               (abs)        000000
__size_of_fputs               (abs)        000000
__size_of_high_isr            (abs)        000000
__size_of_init_timer          (abs)        000000
__size_of_init_usart          (abs)        000000
__size_of_isalpha             (abs)        000000
__size_of_islower             (abs)        000000
__size_of_isupper             (abs)        000000
__size_of_low_isr             (abs)        000000
__size_of_main                (abs)        000000
__size_of_pad                 (abs)        000000
__size_of_printf              (abs)        000000
__size_of_putch               (abs)        000000
__size_of_strlen              (abs)        000000
__size_of_toupper             (abs)        000000
__size_of_vfpfcnvrt           (abs)        000000
__size_of_vfprintf            (abs)        000000
__size_of_xtoa                (abs)        000000
__size_ofi2_fputc             (abs)        000000
__size_ofi2_fputs             (abs)        000000
__size_ofi2_isalpha           (abs)        000000
__size_ofi2_islower           (abs)        000000
__size_ofi2_isupper           (abs)        000000
__size_ofi2_pad               (abs)        000000
__size_ofi2_printf            (abs)        000000
__size_ofi2_putch             (abs)        000000
__size_ofi2_strlen            (abs)        000000
__size_ofi2_toupper           (abs)        000000
__size_ofi2_vfpfcnvrt         (abs)        000000
__size_ofi2_vfprintf          (abs)        000000
__size_ofi2_xtoa              (abs)        000000
__smallconst                  smallconst   000300
_dbuf                         bssBANK1     000100
_flags                        bssBANK0     0000DC
_fputc                        text10       000C94
_fputs                        text9        000EB0
_high_isr                     intcode      000008
_init_timer                   text16       00112C
_init_usart                   text15       00116E
_isalpha                      text13       000F24
_islower                      text6        000F8E
_isupper                      text12       000FC0
_low_isr                      intcodelo    000018
_main                         text0        00114E
_nout                         bssBANK0     0000D6
_pad                          text7        000B5C
_prec                         bssBANK0     0000DA
_printf                       text1        001104
_putch                        text11       001188
_strlen                       text8        001082
_timer0_var                   bssBANK0     0000DE
_toupper                      text5        000E1A
_toupper$1184                 cstackBANK0  00007C
_vfpfcnvrt                    text3        00077C
_vfprintf                     text2        000D6E
_width                        bssBANK0     0000D8
_xtoa                         text4        000318
_xtoa$654                     cstackBANK0  00009F
_xtoa$655                     cstackBANK0  0000A1
btemp                         temp         00005F
end_of_initialization         cinit        0010C8
fputc@c                       cstackBANK0  000071
fputc@fp                      cstackBANK0  000073
fputs@c                       cstackBANK0  00007E
fputs@fp                      cstackBANK0  00007C
fputs@i                       cstackBANK0  00007F
fputs@s                       cstackBANK0  00007A
i2_fputc                      text29       000D02
i2_fputs                      text28       000EEC
i2_isalpha                    text32       000F5A
i2_islower                    text25       001022
i2_isupper                    text31       001052
i2_pad                        text26       000BFA
i2_printf                     text20       000FF2
i2_putch                      text30       00119C
i2_strlen                     text27       0010DA
i2_toupper                    text24       000E66
i2_toupper$1184               cstackCOMRAM 00000D
i2_vfpfcnvrt                  text22       00091E
i2_vfprintf                   text21       000DC4
i2_xtoa                       text23       00054A
i2_xtoa$654                   cstackCOMRAM 000030
i2_xtoa$655                   cstackCOMRAM 000032
i2fputc@c                     cstackCOMRAM 000002
i2fputc@fp                    cstackCOMRAM 000004
i2fputs@c                     cstackCOMRAM 00000F
i2fputs@fp                    cstackCOMRAM 00000D
i2fputs@i                     cstackCOMRAM 000010
i2fputs@s                     cstackCOMRAM 00000B
i2isalpha@c                   cstackCOMRAM 000001
i2islower@c                   cstackCOMRAM 000001
i2isupper@c                   cstackCOMRAM 000001
i2pad@buf                     cstackCOMRAM 000014
i2pad@fp                      cstackCOMRAM 000012
i2pad@i                       cstackCOMRAM 000019
i2pad@p                       cstackCOMRAM 000016
i2pad@w                       cstackCOMRAM 00001B
i2printf@ap                   cstackBANK0  000064
i2printf@fmt                  cstackBANK0  000060
i2printf@ret                  cstackBANK0  000062
i2putch@byte                  cstackCOMRAM 000001
i2strlen@a                    cstackCOMRAM 000003
i2strlen@s                    cstackCOMRAM 000001
i2toupper@c                   cstackCOMRAM 000007
i2vfpfcnvrt@ap                cstackCOMRAM 000048
i2vfpfcnvrt@c                 cstackCOMRAM 000056
i2vfpfcnvrt@fmt               cstackCOMRAM 000046
i2vfpfcnvrt@fp                cstackCOMRAM 000044
i2vfpfcnvrt@llu               cstackCOMRAM 00004E
i2vfprintf@ap                 cstackCOMRAM 00005B
i2vfprintf@cfmt               cstackCOMRAM 00005D
i2vfprintf@fmt                cstackCOMRAM 000059
i2vfprintf@fp                 cstackCOMRAM 000057
i2xtoa@c                      cstackCOMRAM 000042
i2xtoa@d                      cstackCOMRAM 00001F
i2xtoa@fp                     cstackCOMRAM 00001D
i2xtoa@i                      cstackCOMRAM 000040
i2xtoa@n                      cstackCOMRAM 000038
i2xtoa@p                      cstackCOMRAM 000034
i2xtoa@w                      cstackCOMRAM 000036
i2xtoa@x                      cstackCOMRAM 000027
int$flags                     temp         00005F
int_func                      intcode_body 000ABC
intlevel0                     text         000000
intlevel1                     text         000000
intlevel2                     text         000000
intlevel3                     text         000000
isalpha@c                     cstackBANK0  000070
islower@c                     cstackBANK0  000070
isupper@c                     cstackBANK0  000070
pad@buf                       cstackBANK0  000083
pad@fp                        cstackBANK0  000081
pad@i                         cstackBANK0  000088
pad@p                         cstackBANK0  000085
pad@w                         cstackBANK0  00008A
printf@ap                     cstackBANK0  0000D4
printf@fmt                    cstackBANK0  0000CE
putch@byte                    cstackBANK0  000070
stackhi                       (abs)        0002FF
stacklo                       (abs)        000120
start                         init         000026
start_initialization          cinit        0010B0
strlen@a                      cstackBANK0  000072
strlen@s                      cstackBANK0  000070
toupper@c                     cstackBANK0  000076
ttemp5                        temp         000060
ttemp6                        temp         000063
ttemp7                        temp         000067
vfpfcnvrt@ap                  cstackBANK0  0000B7
vfpfcnvrt@c                   cstackBANK0  0000C5
vfpfcnvrt@fmt                 cstackBANK0  0000B5
vfpfcnvrt@fp                  cstackBANK0  0000B3
vfpfcnvrt@llu                 cstackBANK0  0000BD
vfprintf@ap                   cstackBANK0  0000CA
vfprintf@cfmt                 cstackBANK0  0000CC
vfprintf@fmt                  cstackBANK0  0000C8
vfprintf@fp                   cstackBANK0  0000C6
wtemp8                        temp         000060
xtoa@c                        cstackBANK0  0000B1
xtoa@d                        cstackBANK0  00008E
xtoa@fp                       cstackBANK0  00008C
xtoa@i                        cstackBANK0  0000AF
xtoa@n                        cstackBANK0  0000A7
xtoa@p                        cstackBANK0  0000A3
xtoa@w                        cstackBANK0  0000A5
xtoa@x                        cstackBANK0  000096


FUNCTION INFORMATION:

 *************** function _main *****************
 Defined at:
		line 34 in file "main.c"
 Parameters:    Size  Location     Type
		None
 Auto vars:     Size  Location     Type
  val             2    0        int 
  x               1    0        unsigned char 
 Return value:  Size  Location     Type
                  1    wreg      void 
 Registers used:
		wreg, fsr1l, fsr1h, fsr2l, fsr2h, status,2, status,0, tblptrl, tblptrh, tblptru, cstack
 Tracked objects:
		On entry : 
		On exit  : 
		Unchanged: 
 Data sizes:     COMRAM   BANK0   BANK1   BANK2
      Params:         0       0       0       0
      Locals:         0       2       0       0
      Temps:          0       0       0       0
      Totals:         0       2       0       0
Total ram usage:        2 bytes
 Hardware stack levels required when called:   18
 This function calls:
		_ConfigureOscillator
		_InitApp
		_printf
 This function is called by:
		Startup code after reset
 This function uses a non-reentrant model


 *************** function _printf *****************
 Defined at:
		line 5 in file "/opt/microchip/xc8/v2.05/pic/sources/c99/common/printf.c"
 Parameters:    Size  Location     Type
  fmt             2  110[BANK0 ] PTR const unsigned char 
		 -> STR_2(12), STR_1(9), 
 Auto vars:     Size  Location     Type
  ap              2  116[BANK0 ] PTR void [1]
		 -> ?_printf(2), 
  ret             2    0        int 
 Return value:  Size  Location     Type
                  2  110[BANK0 ] int 
 Registers used:
		wreg, fsr1l, fsr1h, fsr2l, fsr2h, status,2, status,0, tblptrl, tblptrh, tblptru, cstack
 Tracked objects:
		On entry : 
		On exit  : 
		Unchanged: 
 Data sizes:     COMRAM   BANK0   BANK1   BANK2
      Params:         0       4       0       0
      Locals:         0       4       0       0
      Temps:          0       0       0       0
      Totals:         0       8       0       0
Total ram usage:        8 bytes
 Hardware stack levels used:    1
 Hardware stack levels required when called:   17
 This function calls:
		_vfprintf
 This function is called by:
		_main
 This function uses a non-reentrant model


 *************** function _vfprintf *****************
 Defined at:
		line 1368 in file "/opt/microchip/xc8/v2.05/pic/sources/c99/common/doprnt.c"
 Parameters:    Size  Location     Type
  fp              2  102[BANK0 ] PTR struct _IO_FILE
		 -> NULL(0), 
  fmt             2  104[BANK0 ] PTR const unsigned char 
		 -> STR_2(12), STR_1(9), 
  ap              2  106[BANK0 ] PTR PTR void 
		 -> printf@ap(2), 
 Auto vars:     Size  Location     Type
  cfmt            2  108[BANK0 ] PTR unsigned char 
		 -> STR_2(12), STR_1(9), 
 Return value:  Size  Location     Type
                  2  102[BANK0 ] int 
 Registers used:
		wreg, fsr1l, fsr1h, fsr2l, fsr2h, status,2, status,0, tblptrl, tblptrh, tblptru, cstack
 Tracked objects:
		On entry : 
		On exit  : 
		Unchanged: 
 Data sizes:     COMRAM   BANK0   BANK1   BANK2
      Params:         0       6       0       0
      Locals:         0       2       0       0
      Temps:          0       0       0       0
      Totals:         0       8       0       0
Total ram usage:        8 bytes
 Hardware stack levels used:    1
 Hardware stack levels required when called:   16
 This function calls:
		_vfpfcnvrt
 This function is called by:
		_printf
 This function uses a non-reentrant model


 *************** function _vfpfcnvrt *****************
 Defined at:
		line 670 in file "/opt/microchip/xc8/v2.05/pic/sources/c99/common/doprnt.c"
 Parameters:    Size  Location     Type
  fp              2   83[BANK0 ] PTR struct _IO_FILE
		 -> NULL(0), 
  fmt             2   85[BANK0 ] PTR PTR unsigned char 
		 -> vfprintf@cfmt(2), 
  ap              2   87[BANK0 ] PTR PTR void 
		 -> printf@ap(2), 
 Auto vars:     Size  Location     Type
  llu             8   93[BANK0 ] unsigned long long 
  ll              8    0        long long 
  f               4    0        long long 
  vp              3    0        PTR void 
  ct              3    0        unsigned char [3]
  cp              3    0        PTR unsigned char 
  i               2    0        int 
  done            2    0        int 
  c               1  101[BANK0 ] unsigned char 
 Return value:  Size  Location     Type
                  2   83[BANK0 ] int 
 Registers used:
		wreg, fsr1l, fsr1h, fsr2l, fsr2h, status,2, status,0, tblptrl, tblptrh, tblptru, cstack
 Tracked objects:
		On entry : 
		On exit  : 
		Unchanged: 
 Data sizes:     COMRAM   BANK0   BANK1   BANK2
      Params:         0       6       0       0
      Locals:         0       9       0       0
      Temps:          0       4       0       0
      Totals:         0      19       0       0
Total ram usage:       19 bytes
 Hardware stack levels used:    1
 Hardware stack levels required when called:   15
 This function calls:
		_fputc
		_xtoa
 This function is called by:
		_vfprintf
 This function uses a non-reentrant model


 *************** function _xtoa *****************
 Defined at:
		line 623 in file "/opt/microchip/xc8/v2.05/pic/sources/c99/common/doprnt.c"
 Parameters:    Size  Location     Type
  fp              2   44[BANK0 ] PTR struct _IO_FILE
		 -> NULL(0), 
  d               8   46[BANK0 ] unsigned long long 
  x               1   54[BANK0 ] unsigned char 
 Auto vars:     Size  Location     Type
  n               8   71[BANK0 ] unsigned long long 
  c               2   81[BANK0 ] int 
  i               2   79[BANK0 ] int 
  w               2   69[BANK0 ] int 
  p               2   67[BANK0 ] int 
 Return value:  Size  Location     Type
                  2   44[BANK0 ] int 
 Registers used:
		wreg, fsr1l, fsr1h, fsr2l, fsr2h, status,2, status,0, cstack
 Tracked objects:
		On entry : 
		On exit  : 
		Unchanged: 
 Data sizes:     COMRAM   BANK0   BANK1   BANK2
      Params:         0      11       0       0
      Locals:         0      20       0       0
      Temps:          0       8       0       0
      Totals:         0      39       0       0
Total ram usage:       39 bytes
 Hardware stack levels used:    1
 Hardware stack levels required when called:   14
 This function calls:
		_isalpha
		_isupper
		_pad
		_toupper
 This function is called by:
		_vfpfcnvrt
 This function uses a non-reentrant model


 *************** function _toupper *****************
 Defined at:
		line 4 in file "/opt/microchip/xc8/v2.05/pic/sources/c99/common/toupper.c"
 Parameters:    Size  Location     Type
  c               2   22[BANK0 ] int 
 Auto vars:     Size  Location     Type
		None
 Return value:  Size  Location     Type
                  2   22[BANK0 ] int 
 Registers used:
		wreg, status,2, status,0
 Tracked objects:
		On entry : 
		On exit  : 
		Unchanged: 
 Data sizes:     COMRAM   BANK0   BANK1   BANK2
      Params:         0       2       0       0
      Locals:         0       2       0       0
      Temps:          0       4       0       0
      Totals:         0       8       0       0
Total ram usage:        8 bytes
 Hardware stack levels used:    1
 Hardware stack levels required when called:   11
 This function calls:
		_islower
 This function is called by:
		_xtoa
 This function uses a non-reentrant model


 *************** function _islower *****************
 Defined at:
		line 5 in file "/opt/microchip/xc8/v2.05/pic/sources/c99/common/islower.c"
 Parameters:    Size  Location     Type
  c               2   16[BANK0 ] int 
 Auto vars:     Size  Location     Type
		None
 Return value:  Size  Location     Type
                  2   16[BANK0 ] int 
 Registers used:
		wreg, status,2, status,0
 Tracked objects:
		On entry : 
		On exit  : 
		Unchanged: 
 Data sizes:     COMRAM   BANK0   BANK1   BANK2
      Params:         0       2       0       0
      Locals:         0       0       0       0
      Temps:          0       4       0       0
      Totals:         0       6       0       0
Total ram usage:        6 bytes
 Hardware stack levels used:    1
 Hardware stack levels required when called:   10
 This function calls:
		Nothing
 This function is called by:
		_toupper
 This function uses a non-reentrant model


 *************** function _pad *****************
 Defined at:
		line 72 in file "/opt/microchip/xc8/v2.05/pic/sources/c99/common/doprnt.c"
 Parameters:    Size  Location     Type
  fp              2   33[BANK0 ] PTR struct _IO_FILE
		 -> NULL(0), 
  buf             2   35[BANK0 ] PTR unsigned char 
		 -> dbuf(32), 
  p               2   37[BANK0 ] int 
 Auto vars:     Size  Location     Type
  w               2   42[BANK0 ] int 
  i               2   40[BANK0 ] int 
 Return value:  Size  Location     Type
                  2   33[BANK0 ] int 
 Registers used:
		wreg, fsr1l, fsr1h, fsr2l, fsr2h, status,2, status,0, cstack
 Tracked objects:
		On entry : 
		On exit  : 
		Unchanged: 
 Data sizes:     COMRAM   BANK0   BANK1   BANK2
      Params:         0       6       0       0
      Locals:         0       4       0       0
      Temps:          0       1       0       0
      Totals:         0      11       0       0
Total ram usage:       11 bytes
 Hardware stack levels used:    1
 Hardware stack levels required when called:   13
 This function calls:
		_fputc
		_fputs
		_strlen
 This function is called by:
		_xtoa
 This function uses a non-reentrant model


 *************** function _strlen *****************
 Defined at:
		line 12 in file "/opt/microchip/xc8/v2.05/pic/sources/c99/common/strlen.c"
 Parameters:    Size  Location     Type
  s               2   16[BANK0 ] PTR const unsigned char 
		 -> dbuf(32), 
 Auto vars:     Size  Location     Type
  a               2   18[BANK0 ] PTR const unsigned char 
		 -> dbuf(32), 
 Return value:  Size  Location     Type
                  2   16[BANK0 ] unsigned int 
 Registers used:
		wreg, fsr2l, fsr2h, status,2, status,0
 Tracked objects:
		On entry : 
		On exit  : 
		Unchanged: 
 Data sizes:     COMRAM   BANK0   BANK1   BANK2
      Params:         0       2       0       0
      Locals:         0       2       0       0
      Temps:          0       0       0       0
      Totals:         0       4       0       0
Total ram usage:        4 bytes
 Hardware stack levels used:    1
 Hardware stack levels required when called:   10
 This function calls:
		Nothing
 This function is called by:
		_pad
 This function uses a non-reentrant model


 *************** function _fputs *****************
 Defined at:
		line 8 in file "/opt/microchip/xc8/v2.05/pic/sources/c99/common/nf_fputs.c"
 Parameters:    Size  Location     Type
  s               2   26[BANK0 ] PTR const unsigned char 
		 -> dbuf(32), 
  fp              2   28[BANK0 ] PTR struct _IO_FILE
		 -> NULL(0), 
 Auto vars:     Size  Location     Type
  i               2   31[BANK0 ] int 
  c               1   30[BANK0 ] unsigned char 
 Return value:  Size  Location     Type
                  2   26[BANK0 ] int 
 Registers used:
		wreg, fsr1l, fsr1h, fsr2l, fsr2h, status,2, status,0, cstack
 Tracked objects:
		On entry : 
		On exit  : 
		Unchanged: 
 Data sizes:     COMRAM   BANK0   BANK1   BANK2
      Params:         0       4       0       0
      Locals:         0       3       0       0
      Temps:          0       0       0       0
      Totals:         0       7       0       0
Total ram usage:        7 bytes
 Hardware stack levels used:    1
 Hardware stack levels required when called:   12
 This function calls:
		_fputc
 This function is called by:
		_pad
 This function uses a non-reentrant model


 *************** function _fputc *****************
 Defined at:
		line 8 in file "/opt/microchip/xc8/v2.05/pic/sources/c99/common/nf_fputc.c"
 Parameters:    Size  Location     Type
  c               2   17[BANK0 ] int 
  fp              2   19[BANK0 ] PTR struct _IO_FILE
		 -> NULL(0), 
 Auto vars:     Size  Location     Type
		None
 Return value:  Size  Location     Type
                  2   17[BANK0 ] int 
 Registers used:
		wreg, fsr1l, fsr1h, fsr2l, fsr2h, status,2, status,0, cstack
 Tracked objects:
		On entry : 
		On exit  : 
		Unchanged: 
 Data sizes:     COMRAM   BANK0   BANK1   BANK2
      Params:         0       4       0       0
      Locals:         0       0       0       0
      Temps:          0       5       0       0
      Totals:         0       9       0       0
Total ram usage:        9 bytes
 Hardware stack levels used:    1
 Hardware stack levels required when called:   11
 This function calls:
		_putch
 This function is called by:
		_pad
		_vfpfcnvrt
		_fputs
 This function uses a non-reentrant model


 *************** function _putch *****************
 Defined at:
		line 89 in file "user.c"
 Parameters:    Size  Location     Type
  byte            1    wreg     unsigned char 
 Auto vars:     Size  Location     Type
  byte            1   16[BANK0 ] unsigned char 
 Return value:  Size  Location     Type
                  1    wreg      void 
 Registers used:
		wreg, status,2
 Tracked objects:
		On entry : 
		On exit  : 
		Unchanged: 
 Data sizes:     COMRAM   BANK0   BANK1   BANK2
      Params:         0       0       0       0
      Locals:         0       1       0       0
      Temps:          0       0       0       0
      Totals:         0       1       0       0
Total ram usage:        1 bytes
 Hardware stack levels used:    1
 Hardware stack levels required when called:   10
 This function calls:
		Nothing
 This function is called by:
		_fputc
 This function uses a non-reentrant model


 *************** function _isupper *****************
 Defined at:
		line 5 in file "/opt/microchip/xc8/v2.05/pic/sources/c99/common/isupper.c"
 Parameters:    Size  Location     Type
  c               2   16[BANK0 ] int 
 Auto vars:     Size  Location     Type
		None
 Return value:  Size  Location     Type
                  2   16[BANK0 ] int 
 Registers used:
		wreg, status,2, status,0
 Tracked objects:
		On entry : 
		On exit  : 
		Unchanged: 
 Data sizes:     COMRAM   BANK0   BANK1   BANK2
      Params:         0       2       0       0
      Locals:         0       0       0       0
      Temps:          0       4       0       0
      Totals:         0       6       0       0
Total ram usage:        6 bytes
 Hardware stack levels used:    1
 Hardware stack levels required when called:   10
 This function calls:
		Nothing
 This function is called by:
		_xtoa
 This function uses a non-reentrant model


 *************** function _isalpha *****************
 Defined at:
		line 5 in file "/opt/microchip/xc8/v2.05/pic/sources/c99/common/isalpha.c"
 Parameters:    Size  Location     Type
  c               2   16[BANK0 ] int 
 Auto vars:     Size  Location     Type
		None
 Return value:  Size  Location     Type
                  2   16[BANK0 ] int 
 Registers used:
		wreg, status,2, status,0
 Tracked objects:
		On entry : 
		On exit  : 
		Unchanged: 
 Data sizes:     COMRAM   BANK0   BANK1   BANK2
      Params:         0       2       0       0
      Locals:         0       0       0       0
      Temps:          0       4       0       0
      Totals:         0       6       0       0
Total ram usage:        6 bytes
 Hardware stack levels used:    1
 Hardware stack levels required when called:   10
 This function calls:
		Nothing
 This function is called by:
		_xtoa
 This function uses a non-reentrant model


 *************** function _InitApp *****************
 Defined at:
		line 28 in file "user.c"
 Parameters:    Size  Location     Type
		None
 Auto vars:     Size  Location     Type
		None
 Return value:  Size  Location     Type
                  1    wreg      void 
 Registers used:
		wreg, status,2, cstack
 Tracked objects:
		On entry : 
		On exit  : 
		Unchanged: 
 Data sizes:     COMRAM   BANK0   BANK1   BANK2
      Params:         0       0       0       0
      Locals:         0       0       0       0
      Temps:          0       0       0       0
      Totals:         0       0       0       0
Total ram usage:        0 bytes
 Hardware stack levels used:    1
 Hardware stack levels required when called:   11
 This function calls:
		_init_timer
		_init_usart
 This function is called by:
		_main
 This function uses a non-reentrant model


 *************** function _init_usart *****************
 Defined at:
		line 45 in file "user.c"
 Parameters:    Size  Location     Type
		None
 Auto vars:     Size  Location     Type
		None
 Return value:  Size  Location     Type
                  1    wreg      void 
 Registers used:
		wreg, status,2
 Tracked objects:
		On entry : 
		On exit  : 
		Unchanged: 
 Data sizes:     COMRAM   BANK0   BANK1   BANK2
      Params:         0       0       0       0
      Locals:         0       0       0       0
      Temps:          0       0       0       0
      Totals:         0       0       0       0
Total ram usage:        0 bytes
 Hardware stack levels used:    1
 Hardware stack levels required when called:   10
 This function calls:
		Nothing
 This function is called by:
		_InitApp
 This function uses a non-reentrant model


 *************** function _init_timer *****************
 Defined at:
		line 70 in file "user.c"
 Parameters:    Size  Location     Type
		None
 Auto vars:     Size  Location     Type
		None
 Return value:  Size  Location     Type
                  1    wreg      void 
 Registers used:
		wreg, status,2
 Tracked objects:
		On entry : 
		On exit  : 
		Unchanged: 
 Data sizes:     COMRAM   BANK0   BANK1   BANK2
      Params:         0       0       0       0
      Locals:         0       0       0       0
      Temps:          0       0       0       0
      Totals:         0       0       0       0
Total ram usage:        0 bytes
 Hardware stack levels used:    1
 Hardware stack levels required when called:   10
 This function calls:
		Nothing
 This function is called by:
		_InitApp
 This function uses a non-reentrant model


 *************** function _ConfigureOscillator *****************
 Defined at:
		line 24 in file "system.c"
 Parameters:    Size  Location     Type
		None
 Auto vars:     Size  Location     Type
		None
 Return value:  Size  Location     Type
                  1    wreg      void 
 Registers used:
		None
 Tracked objects:
		On entry : 
		On exit  : 
		Unchanged: 
 Data sizes:     COMRAM   BANK0   BANK1   BANK2
      Params:         0       0       0       0
      Locals:         0       0       0       0
      Temps:          0       0       0       0
      Totals:         0       0       0       0
Total ram usage:        0 bytes
 Hardware stack levels used:    1
 Hardware stack levels required when called:   10
 This function calls:
		Nothing
 This function is called by:
		_main
 This function uses a non-reentrant model


 *************** function _low_isr *****************
 Defined at:
		line 97 in file "interrupts.c"
 Parameters:    Size  Location     Type
		None
 Auto vars:     Size  Location     Type
		None
 Return value:  Size  Location     Type
                  1    wreg      void 
 Registers used:
		None
 Tracked objects:
		On entry : 
		On exit  : 
		Unchanged: 
 Data sizes:     COMRAM   BANK0   BANK1   BANK2
      Params:         0       0       0       0
      Locals:         0       0       0       0
      Temps:          0       1       0       0
      Totals:         0       1       0       0
Total ram usage:        1 bytes
 Hardware stack levels used:    1
 Hardware stack levels required when called:    9
 This function calls:
		Nothing
 This function is called by:
		Interrupt level 1
 This function uses a non-reentrant model


 *************** function _high_isr *****************
 Defined at:
		line 28 in file "interrupts.c"
 Parameters:    Size  Location     Type
		None
 Auto vars:     Size  Location     Type
		None
 Return value:  Size  Location     Type
                  1    wreg      void 
 Registers used:
		wreg, fsr1l, fsr1h, fsr2l, fsr2h, status,2, status,0, tblptrl, tblptrh, tblptru, cstack
 Tracked objects:
		On entry : 
		On exit  : 
		Unchanged: 
 Data sizes:     COMRAM   BANK0   BANK1   BANK2
      Params:         0       0       0       0
      Locals:         0       0       0       0
      Temps:          0       9       0       0
      Totals:         0       9       0       0
Total ram usage:        9 bytes
 Hardware stack levels used:    1
 Hardware stack levels required when called:    8
 This function calls:
		i2_printf
 This function is called by:
		Interrupt level 2
 This function uses a non-reentrant model


 *************** function i2_printf *****************
 Defined at:
		line 5 in file "/opt/microchip/xc8/v2.05/pic/sources/c99/common/printf.c"
 Parameters:    Size  Location     Type
  fmt             2    0[BANK0 ] PTR const unsigned char 
		 -> STR_2(12), STR_1(9), 
 Auto vars:     Size  Location     Type
  printf          2    4[BANK0 ] PTR void [1]
		 -> ?i2_printf(2), ?_printf(2), 
  printf          2    2[BANK0 ] int 
 Return value:  Size  Location     Type
                  2    0[BANK0 ] int 
 Registers used:
		wreg, fsr1l, fsr1h, fsr2l, fsr2h, status,2, status,0, tblptrl, tblptrh, tblptru, cstack
 Tracked objects:
		On entry : 
		On exit  : 
		Unchanged: 
 Data sizes:     COMRAM   BANK0   BANK1   BANK2
      Params:         0       2       0       0
      Locals:         0       4       0       0
      Temps:          0       0       0       0
      Totals:         0       6       0       0
Total ram usage:        6 bytes
 Hardware stack levels used:    1
 Hardware stack levels required when called:    7
 This function calls:
		i2_vfprintf
 This function is called by:
		_high_isr
 This function uses a non-reentrant model


 *************** function i2_vfprintf *****************
 Defined at:
		line 1368 in file "/opt/microchip/xc8/v2.05/pic/sources/c99/common/doprnt.c"
 Parameters:    Size  Location     Type
  fp              2   86[COMRAM] PTR struct _IO_FILE
		 -> NULL(0), 
  fmt             2   88[COMRAM] PTR const unsigned char 
		 -> STR_2(12), STR_1(9), 
  ap              2   90[COMRAM] PTR PTR void 
		 -> i2printf@ap(2), printf@ap(2), 
 Auto vars:     Size  Location     Type
  vfprintf        2   92[COMRAM] PTR unsigned char 
		 -> STR_2(12), STR_1(9), 
 Return value:  Size  Location     Type
                  2   86[COMRAM] int 
 Registers used:
		wreg, fsr1l, fsr1h, fsr2l, fsr2h, status,2, status,0, tblptrl, tblptrh, tblptru, cstack
 Tracked objects:
		On entry : 
		On exit  : 
		Unchanged: 
 Data sizes:     COMRAM   BANK0   BANK1   BANK2
      Params:         6       0       0       0
      Locals:         2       0       0       0
      Temps:          0       0       0       0
      Totals:         8       0       0       0
Total ram usage:        8 bytes
 Hardware stack levels used:    1
 Hardware stack levels required when called:    6
 This function calls:
		i2_vfpfcnvrt
 This function is called by:
		i2_printf
 This function uses a non-reentrant model


 *************** function i2_vfpfcnvrt *****************
 Defined at:
		line 670 in file "/opt/microchip/xc8/v2.05/pic/sources/c99/common/doprnt.c"
 Parameters:    Size  Location     Type
  fp              2   67[COMRAM] PTR struct _IO_FILE
		 -> NULL(0), 
  fmt             2   69[COMRAM] PTR PTR unsigned char 
		 -> i2vfprintf@cfmt(2), vfprintf@cfmt(2), 
  ap              2   71[COMRAM] PTR PTR void 
		 -> i2printf@ap(2), printf@ap(2), 
 Auto vars:     Size  Location     Type
  vfpfcnvrt       8   77[COMRAM] unsigned long long 
  vfpfcnvrt       8    0        long long 
  vfpfcnvrt       4    0        long long 
  vfpfcnvrt       3    0        PTR void 
  vfpfcnvrt       3    0        unsigned char [3]
  vfpfcnvrt       3    0        PTR unsigned char 
  vfpfcnvrt       2    0        int 
  vfpfcnvrt       2    0        int 
  vfpfcnvrt       1   85[COMRAM] unsigned char 
 Return value:  Size  Location     Type
                  2   67[COMRAM] int 
 Registers used:
		wreg, fsr1l, fsr1h, fsr2l, fsr2h, status,2, status,0, tblptrl, tblptrh, tblptru, cstack
 Tracked objects:
		On entry : 
		On exit  : 
		Unchanged: 
 Data sizes:     COMRAM   BANK0   BANK1   BANK2
      Params:         6       0       0       0
      Locals:         9       0       0       0
      Temps:          4       0       0       0
      Totals:        19       0       0       0
Total ram usage:       19 bytes
 Hardware stack levels used:    1
 Hardware stack levels required when called:    5
 This function calls:
		i2_fputc
		i2_xtoa
 This function is called by:
		i2_vfprintf
 This function uses a non-reentrant model


 *************** function i2_xtoa *****************
 Defined at:
		line 623 in file "/opt/microchip/xc8/v2.05/pic/sources/c99/common/doprnt.c"
 Parameters:    Size  Location     Type
  fp              2   28[COMRAM] PTR struct _IO_FILE
		 -> NULL(0), 
  d               8   30[COMRAM] unsigned long long 
  x               1   38[COMRAM] unsigned char 
 Auto vars:     Size  Location     Type
  xtoa            8   55[COMRAM] unsigned long long 
  xtoa            2   65[COMRAM] int 
  xtoa            2   63[COMRAM] int 
  xtoa            2   53[COMRAM] int 
  xtoa            2   51[COMRAM] int 
 Return value:  Size  Location     Type
                  2   28[COMRAM] int 
 Registers used:
		wreg, fsr1l, fsr1h, fsr2l, fsr2h, status,2, status,0, cstack
 Tracked objects:
		On entry : 
		On exit  : 
		Unchanged: 
 Data sizes:     COMRAM   BANK0   BANK1   BANK2
      Params:        11       0       0       0
      Locals:        20       0       0       0
      Temps:          8       0       0       0
      Totals:        39       0       0       0
Total ram usage:       39 bytes
 Hardware stack levels used:    1
 Hardware stack levels required when called:    4
 This function calls:
		i2_isalpha
		i2_isupper
		i2_pad
		i2_toupper
 This function is called by:
		i2_vfpfcnvrt
 This function uses a non-reentrant model


 *************** function i2_toupper *****************
 Defined at:
		line 4 in file "/opt/microchip/xc8/v2.05/pic/sources/c99/common/toupper.c"
 Parameters:    Size  Location     Type
  c               2    6[COMRAM] int 
 Auto vars:     Size  Location     Type
		None
 Return value:  Size  Location     Type
                  2    6[COMRAM] int 
 Registers used:
		wreg, status,2, status,0
 Tracked objects:
		On entry : 
		On exit  : 
		Unchanged: 
 Data sizes:     COMRAM   BANK0   BANK1   BANK2
      Params:         2       0       0       0
      Locals:         2       0       0       0
      Temps:          4       0       0       0
      Totals:         8       0       0       0
Total ram usage:        8 bytes
 Hardware stack levels used:    1
 Hardware stack levels required when called:    1
 This function calls:
		i2_islower
 This function is called by:
		i2_xtoa
 This function uses a non-reentrant model


 *************** function i2_islower *****************
 Defined at:
		line 5 in file "/opt/microchip/xc8/v2.05/pic/sources/c99/common/islower.c"
 Parameters:    Size  Location     Type
  c               2    0[COMRAM] int 
 Auto vars:     Size  Location     Type
		None
 Return value:  Size  Location     Type
                  2    0[COMRAM] int 
 Registers used:
		wreg, status,2, status,0
 Tracked objects:
		On entry : 
		On exit  : 
		Unchanged: 
 Data sizes:     COMRAM   BANK0   BANK1   BANK2
      Params:         2       0       0       0
      Locals:         0       0       0       0
      Temps:          4       0       0       0
      Totals:         6       0       0       0
Total ram usage:        6 bytes
 Hardware stack levels used:    1
 This function calls:
		Nothing
 This function is called by:
		i2_toupper
 This function uses a non-reentrant model


 *************** function i2_pad *****************
 Defined at:
		line 72 in file "/opt/microchip/xc8/v2.05/pic/sources/c99/common/doprnt.c"
 Parameters:    Size  Location     Type
  fp              2   17[COMRAM] PTR struct _IO_FILE
		 -> NULL(0), 
  buf             2   19[COMRAM] PTR unsigned char 
		 -> dbuf(32), 
  p               2   21[COMRAM] int 
 Auto vars:     Size  Location     Type
  pad             2   26[COMRAM] int 
  pad             2   24[COMRAM] int 
 Return value:  Size  Location     Type
                  2   17[COMRAM] int 
 Registers used:
		wreg, fsr1l, fsr1h, fsr2l, fsr2h, status,2, status,0, cstack
 Tracked objects:
		On entry : 
		On exit  : 
		Unchanged: 
 Data sizes:     COMRAM   BANK0   BANK1   BANK2
      Params:         6       0       0       0
      Locals:         4       0       0       0
      Temps:          1       0       0       0
      Totals:        11       0       0       0
Total ram usage:       11 bytes
 Hardware stack levels used:    1
 Hardware stack levels required when called:    3
 This function calls:
		i2_fputc
		i2_fputs
		i2_strlen
 This function is called by:
		i2_xtoa
 This function uses a non-reentrant model


 *************** function i2_strlen *****************
 Defined at:
		line 12 in file "/opt/microchip/xc8/v2.05/pic/sources/c99/common/strlen.c"
 Parameters:    Size  Location     Type
  s               2    0[COMRAM] PTR const unsigned char 
		 -> dbuf(32), 
 Auto vars:     Size  Location     Type
  strlen          2    2[COMRAM] PTR const unsigned char 
		 -> dbuf(32), 
 Return value:  Size  Location     Type
                  2    0[COMRAM] unsigned int 
 Registers used:
		wreg, fsr2l, fsr2h, status,2, status,0
 Tracked objects:
		On entry : 
		On exit  : 
		Unchanged: 
 Data sizes:     COMRAM   BANK0   BANK1   BANK2
      Params:         2       0       0       0
      Locals:         2       0       0       0
      Temps:          0       0       0       0
      Totals:         4       0       0       0
Total ram usage:        4 bytes
 Hardware stack levels used:    1
 This function calls:
		Nothing
 This function is called by:
		i2_pad
 This function uses a non-reentrant model


 *************** function i2_fputs *****************
 Defined at:
		line 8 in file "/opt/microchip/xc8/v2.05/pic/sources/c99/common/nf_fputs.c"
 Parameters:    Size  Location     Type
  s               2   10[COMRAM] PTR const unsigned char 
		 -> dbuf(32), 
  fp              2   12[COMRAM] PTR struct _IO_FILE
		 -> NULL(0), 
 Auto vars:     Size  Location     Type
  fputs           2   15[COMRAM] int 
  fputs           1   14[COMRAM] unsigned char 
 Return value:  Size  Location     Type
                  2   10[COMRAM] int 
 Registers used:
		wreg, fsr1l, fsr1h, fsr2l, fsr2h, status,2, status,0, cstack
 Tracked objects:
		On entry : 
		On exit  : 
		Unchanged: 
 Data sizes:     COMRAM   BANK0   BANK1   BANK2
      Params:         4       0       0       0
      Locals:         3       0       0       0
      Temps:          0       0       0       0
      Totals:         7       0       0       0
Total ram usage:        7 bytes
 Hardware stack levels used:    1
 Hardware stack levels required when called:    2
 This function calls:
		i2_fputc
 This function is called by:
		i2_pad
 This function uses a non-reentrant model


 *************** function i2_fputc *****************
 Defined at:
		line 8 in file "/opt/microchip/xc8/v2.05/pic/sources/c99/common/nf_fputc.c"
 Parameters:    Size  Location     Type
  c               2    1[COMRAM] int 
  fp              2    3[COMRAM] PTR struct _IO_FILE
		 -> NULL(0), 
 Auto vars:     Size  Location     Type
		None
 Return value:  Size  Location     Type
                  2    1[COMRAM] int 
 Registers used:
		wreg, fsr1l, fsr1h, fsr2l, fsr2h, status,2, status,0, cstack
 Tracked objects:
		On entry : 
		On exit  : 
		Unchanged: 
 Data sizes:     COMRAM   BANK0   BANK1   BANK2
      Params:         4       0       0       0
      Locals:         0       0       0       0
      Temps:          5       0       0       0
      Totals:         9       0       0       0
Total ram usage:        9 bytes
 Hardware stack levels used:    1
 Hardware stack levels required when called:    1
 This function calls:
		i2_putch
 This function is called by:
		i2_pad
		i2_vfpfcnvrt
		i2_fputs
 This function uses a non-reentrant model


 *************** function i2_putch *****************
 Defined at:
		line 89 in file "user.c"
 Parameters:    Size  Location     Type
  byte            1    wreg     unsigned char 
 Auto vars:     Size  Location     Type
  byte            1    0[COMRAM] unsigned char 
 Return value:  Size  Location     Type
                  1    wreg      void 
 Registers used:
		wreg, status,2
 Tracked objects:
		On entry : 
		On exit  : 
		Unchanged: 
 Data sizes:     COMRAM   BANK0   BANK1   BANK2
      Params:         0       0       0       0
      Locals:         1       0       0       0
      Temps:          0       0       0       0
      Totals:         1       0       0       0
Total ram usage:        1 bytes
 Hardware stack levels used:    1
 This function calls:
		Nothing
 This function is called by:
		i2_fputc
 This function uses a non-reentrant model


 *************** function i2_isupper *****************
 Defined at:
		line 5 in file "/opt/microchip/xc8/v2.05/pic/sources/c99/common/isupper.c"
 Parameters:    Size  Location     Type
  c               2    0[COMRAM] int 
 Auto vars:     Size  Location     Type
		None
 Return value:  Size  Location     Type
                  2    0[COMRAM] int 
 Registers used:
		wreg, status,2, status,0
 Tracked objects:
		On entry : 
		On exit  : 
		Unchanged: 
 Data sizes:     COMRAM   BANK0   BANK1   BANK2
      Params:         2       0       0       0
      Locals:         0       0       0       0
      Temps:          4       0       0       0
      Totals:         6       0       0       0
Total ram usage:        6 bytes
 Hardware stack levels used:    1
 This function calls:
		Nothing
 This function is called by:
		i2_xtoa
 This function uses a non-reentrant model


 *************** function i2_isalpha *****************
 Defined at:
		line 5 in file "/opt/microchip/xc8/v2.05/pic/sources/c99/common/isalpha.c"
 Parameters:    Size  Location     Type
  c               2    0[COMRAM] int 
 Auto vars:     Size  Location     Type
		None
 Return value:  Size  Location     Type
                  2    0[COMRAM] int 
 Registers used:
		wreg, status,2, status,0
 Tracked objects:
		On entry : 
		On exit  : 
		Unchanged: 
 Data sizes:     COMRAM   BANK0   BANK1   BANK2
      Params:         2       0       0       0
      Locals:         0       0       0       0
      Temps:          4       0       0       0
      Totals:         6       0       0       0
Total ram usage:        6 bytes
 Hardware stack levels used:    1
 This function calls:
		Nothing
 This function is called by:
		i2_xtoa
 This function uses a non-reentrant model



MODULE INFORMATION

Module		Function		Class		Link	Load	Size
/opt/microchip/xc8/v2.05/pic/sources/c99/common/nf_fputc.c
		_fputc         		CODE           	0C94	0000	111

/opt/microchip/xc8/v2.05/pic/sources/c99/common/nf_fputc.c estimated size: 111

interrupts.c
		_high_isr      		CODE           	0008	0000	167
		_low_isr       		CODE           	0018	0000	15

interrupts.c estimated size: 182

/opt/microchip/xc8/v2.05/pic/sources/c99/common/printf.c
		_printf        		CODE           	1104	0000	41

/opt/microchip/xc8/v2.05/pic/sources/c99/common/printf.c estimated size: 41

/opt/microchip/xc8/v2.05/pic/sources/c99/common/strlen.c
		_strlen        		CODE           	1082	0000	47

/opt/microchip/xc8/v2.05/pic/sources/c99/common/strlen.c estimated size: 47

/opt/microchip/xc8/v2.05/pic/sources/c99/common/isupper.c
		_isupper       		CODE           	0FC0	0000	51

/opt/microchip/xc8/v2.05/pic/sources/c99/common/isupper.c estimated size: 51

shared
		i2_printf      		CODE           	0FF2	0000	49
		i2_vfpfcnvrt   		CODE           	091E	0000	415
		i2_pad         		CODE           	0BFA	0000	155
		i2_putch       		CODE           	119C	0000	19
		i2_vfprintf    		CODE           	0DC4	0000	87
		i2_xtoa        		CODE           	054A	0000	563
		__initialization		CODE           	10B0	0000	25
		i2_islower     		CODE           	1022	0000	49
		i2_isupper     		CODE           	1052	0000	49
		i2_fputc       		CODE           	0D02	0000	109
		i2_fputs       		CODE           	0EEC	0000	57
		i2_strlen      		CODE           	10DA	0000	43
		i2_toupper     		CODE           	0E66	0000	75
		i2_isalpha     		CODE           	0F5A	0000	53

shared estimated size: 1748

/opt/microchip/xc8/v2.05/pic/sources/c99/common/nf_fputs.c
		_fputs         		CODE           	0EB0	0000	61

/opt/microchip/xc8/v2.05/pic/sources/c99/common/nf_fputs.c estimated size: 61

/opt/microchip/xc8/v2.05/pic/sources/c99/common/islower.c
		_islower       		CODE           	0F8E	0000	51

/opt/microchip/xc8/v2.05/pic/sources/c99/common/islower.c estimated size: 51

user.c
		_putch         		CODE           	1188	0000	21
		_InitApp       		CODE           	11AE	0000	15
		_init_timer    		CODE           	112C	0000	35
		_init_usart    		CODE           	116E	0000	27

user.c estimated size: 98

/opt/microchip/xc8/v2.05/pic/sources/c99/common/toupper.c
		_toupper       		CODE           	0E1A	0000	77

/opt/microchip/xc8/v2.05/pic/sources/c99/common/toupper.c estimated size: 77

/opt/microchip/xc8/v2.05/pic/sources/c99/common/isalpha.c
		_isalpha       		CODE           	0F24	0000	55

/opt/microchip/xc8/v2.05/pic/sources/c99/common/isalpha.c estimated size: 55

main.c
		_main          		CODE           	114E	0000	33

main.c estimated size: 33

system.c
		_ConfigureOscillator		CODE           	11BC	0000	3

system.c estimated size: 3

/opt/microchip/xc8/v2.05/pic/sources/c99/common/doprnt.c
		_vfpfcnvrt     		CODE           	077C	0000	419
		_pad           		CODE           	0B5C	0000	159
		_vfprintf      		CODE           	0D6E	0000	87
		_xtoa          		CODE           	0318	0000	563

/opt/microchip/xc8/v2.05/pic/sources/c99/common/doprnt.c estimated size: 1228

